============================= test session starts =============================
platform win32 -- Python 3.12.10, pytest-8.3.5, pluggy-1.6.0 -- C:\Users\phili\workspace\soundTracker\backend\venv\Scripts\python.exe
cachedir: .pytest_cache
rootdir: C:\Users\phili\workspace\soundTracker
plugins: anyio-4.9.0
collecting ... collected 0 items / 2 errors

=================================== ERRORS ====================================
__________________ ERROR collecting backend/tests/test_ai.py __________________
ImportError while importing test module 'C:\Users\phili\workspace\soundTracker\backend\tests\test_ai.py'.
Hint: make sure your test modules/packages have valid Python names.
Traceback:
C:\Program Files\WindowsApps\PythonSoftwareFoundation.Python.3.12_3.12.2800.0_x64__qbz5n2kfra8p0\Lib\importlib\__init__.py:90: in import_module
    return _bootstrap._gcd_import(name[level:], package, level)
backend\tests\test_ai.py:3: in <module>
    from backend.main import app
backend\main.py:4: in <module>
    from .routers import ai
backend\routers\ai.py:2: in <module>
    from ..ai import identify_sound
backend\ai.py:4: in <module>
    import librosa
E   ModuleNotFoundError: No module named 'librosa'
------------------------------- Captured stderr -------------------------------
2025-05-15 12:12:08.504643: I tensorflow/core/util/port.cc:153] oneDNN custom operations are on. You may see slightly different numerical results due to floating-point round-off errors from different computation orders. To turn them off, set the environment variable `TF_ENABLE_ONEDNN_OPTS=0`.
2025-05-15 12:12:09.468995: I tensorflow/core/util/port.cc:153] oneDNN custom operations are on. You may see slightly different numerical results due to floating-point round-off errors from different computation orders. To turn them off, set the environment variable `TF_ENABLE_ONEDNN_OPTS=0`.
_____________ ERROR collecting backend/tests/test_sound_event.py ______________
ImportError while importing test module 'C:\Users\phili\workspace\soundTracker\backend\tests\test_sound_event.py'.
Hint: make sure your test modules/packages have valid Python names.
Traceback:
C:\Program Files\WindowsApps\PythonSoftwareFoundation.Python.3.12_3.12.2800.0_x64__qbz5n2kfra8p0\Lib\importlib\__init__.py:90: in import_module
    return _bootstrap._gcd_import(name[level:], package, level)
backend\tests\test_sound_event.py:3: in <module>
    from backend.main import app
backend\main.py:4: in <module>
    from .routers import ai
backend\routers\ai.py:2: in <module>
    from ..ai import identify_sound
backend\ai.py:4: in <module>
    import librosa
E   ModuleNotFoundError: No module named 'librosa'
=========================== short test summary info ===========================
ERROR backend/tests/test_ai.py
ERROR backend/tests/test_sound_event.py
!!!!!!!!!!!!!!!!!!! Interrupted: 2 errors during collection !!!!!!!!!!!!!!!!!!!
============================== 2 errors in 4.26s ==============================
