============================= test session starts =============================
platform win32 -- Python 3.12.10, pytest-8.3.5, pluggy-1.6.0 -- C:\Users\phili\workspace\soundTracker\backend\venv\Scripts\python.exe
cachedir: .pytest_cache
rootdir: C:\Users\phili\workspace\soundTracker\backend
plugins: anyio-4.9.0
collecting ... collected 0 items

============================ no tests ran in 0.01s ============================
